C51 COMPILER V9.60.7.0   LCD                                                               05/28/2025 00:05:26 PAGE 1   


C51 COMPILER V9.60.7.0, COMPILATION OF MODULE LCD
OBJECT MODULE PLACED IN .\Objects\lcd.obj
COMPILER INVOKED BY: C:\Keil_v5\C51\BIN\C51.EXE lcd.c OPTIMIZE(8,SPEED) BROWSE DEBUG OBJECTEXTEND PRINT(.\Listings\lcd.l
                    -st) TABS(2) OBJECT(.\Objects\lcd.obj)

line level    source

   1          #include<reg51.h>
   2          
   3          #include "delay.h"
   4          #define LCDPORT P2
   5          
   6          sbit rs = P0^0;
   7          sbit rw = P0^1;
   8          sbit en = P0^2;
   9          
  10          
  11          void lcd_cmd(unsigned char ch)
  12          {
  13   1        LCDPORT = ch;
  14   1        rs = 0;
  15   1        rw = 0;
  16   1        en = 1;
  17   1        delay(1);
  18   1        en = 0;
  19   1      
  20   1      }
  21          
  22          void lcd_init()
  23          {
  24   1        //lcd_cmd(0x38);
  25   1        //lcd_cmd(0x01);
  26   1        //lcd_cmd(0x06);
  27   1        //lcd_cmd(0x80);
  28   1        //lcd_cmd(0x0a);
  29   1        
  30   1        lcd_cmd(0x38); //8bit mode
  31   1        lcd_cmd(0x0c); //display on cursor off
  32   1        lcd_cmd(0x80);
  33   1        lcd_cmd(0x06);
  34   1        lcd_cmd(0x01); //clear screen
  35   1        
  36   1        //lcd_cmd(0x38);// make 5*7 matrix of each character
  37   1        //lcd_cmd(0x01); //clear screan
  38   1        //lcd_cmd(0x0A); // display off cursor on
  39   1        //lcd_cmd(0x06); //increment cursor to righit
  40   1        //lcd_cmd(0x80); // force cursor to begin first line
  41   1      }
  42          
  43          
  44          void lcd_char(unsigned char ch)
  45          {
  46   1        LCDPORT = ch;
  47   1        rs = 1;
  48   1        rw = 0;
  49   1        en = 1;
  50   1        delay(1);
  51   1        en = 0;
  52   1      }
  53          
  54          
C51 COMPILER V9.60.7.0   LCD                                                               05/28/2025 00:05:26 PAGE 2   

  55          
  56          
  57          void lcd_data(unsigned char *ch)
  58          {
  59   1        while(*ch!='\0')
  60   1        {
  61   2          lcd_char(*ch++);
  62   2        }
  63   1        
  64   1      }
  65          
  66          int buff_size(unsigned char *ch)
  67          {
  68   1        int count=0;
  69   1        while(*ch!='\0')
  70   1        {
  71   2          count++;
  72   2          ch++;
  73   2        }
  74   1        return count;
  75   1        
  76   1      }


MODULE INFORMATION:   STATIC OVERLAYABLE
   CODE SIZE        =    121    ----
   CONSTANT SIZE    =   ----    ----
   XDATA SIZE       =   ----    ----
   PDATA SIZE       =   ----    ----
   DATA SIZE        =   ----       3
   IDATA SIZE       =   ----    ----
   BIT SIZE         =   ----    ----
END OF MODULE INFORMATION.


C51 COMPILATION COMPLETE.  0 WARNING(S),  0 ERROR(S)
